$ node --test tests/*.test.ts tests/startup.test.mjs
✔ restores matching web artifacts without Creator and rejects stale or incomplete artifacts before replacing output (1105.798ms)
✔ larger battlefield disperses mission actors, preserves journey time and uses vehicle-sized hit hulls (1.4822ms)
✔ defenders withstand three minutes without air support, but cannot win the mission alone (1811.2052ms)
ℹ {"at180":{"allyHp":[490.39999999999986,355.59999999999997,328.7999999999997,360,233.59999999999934,230.3999999999994,360,360,360,233.9999999999994,259.1999999999996,259.19999999999936],"threats":24},"end":390.0166666666406,"allyHp":[475.59999999999974,347.5999999999999,317.5999999999996,360,78.39999999999917,71.99999999999966,360,360,360,75.59999999999965,144.39999999999912,115.19999999999959],"threats":24,"groundKills":0}
✔ late air support with inaccurate aim and deliberate misses can still finish (870.4139ms)
ℹ {"phase":"success","time":353.0333333333409,"attempts":85,"deliberateMisses":22,"kills":24,"groundKills":0,"ammo":[null,6,19],"allies":[484.3999999999998,352.79999999999995,324.3999999999997,360,178.39999999999907,309.5999999999997,360,360,360,298.7999999999996,186.3999999999993,316.7999999999997],"remaining":[]}
✔ defender armor, return-fire ownership and pause obey the same simulation clock (3.9328ms)
✔ two battlefields have distinct heights/routes and all mission vehicles stay on dry land or the bridge (1328.5367ms)
✔ weapon recoil scales with power, decays to rest, respects reduced motion and does not mutate aim (0.6081ms)
✔ an off-centre terrain blast damages nearby hulls progressively and emits a miss on empty terrain (34.7924ms)
✔ camera: terrain picking, mount, FOV, complete roll, orbit parallax and ground attitude (34.6493ms)
✔ buffs are exclusive, last sixty combat seconds, and do not survive a new simulation (30.1936ms)
✔ every pause freezes all combat clocks, projectiles, aircraft, cooldown and buff duration (5.922ms)
✔ countdown is an independent three-second clock and never advances combat (0.7351ms)
✔ countdown preserves other pauses and validates fixed dt in every phase (0.4525ms)
✔ any new pause cancels countdown and requires an explicit fresh three-second resume (0.7081ms)
✔ starting countdown while backgrounded or unfocused leaves manual resume required (0.2499ms)
✔ tracking prefers the aimed enemy, otherwise the nearest eligible enemy within eight units (0.4961ms)
✔ ordinary tracking warns for friends near the acquired target, then restores aim-based warnings at expiry (1.4289ms)
✔ each ordinary weapon tracks moving targets at its own speed, damage, ammo and heat (48.0023ms)
✔ ordinary guidance preserves blast falloff, heavy armor and friendly fire (16.4999ms)
✔ ordinary tracking is blocked by terrain rather than flying through a hill (5.1464ms)
✔ expiry rebases an in-flight round without changing position or speed, then gravity resumes (4.9971ms)
✔ expiry inside a fixed step advances only the remaining guided fraction (0.6863ms)
✔ ordinary lock loss becomes ballistic without silently acquiring another target (1.0362ms)
✔ rate boost divides actual firing interval by 1.3 without changing heat or ammo cost (4.9257ms)
✔ consumable guidance remains independent of buff expiry and deals 120 only to its lock (14.3693ms)
✔ mission data and ActionRegistry have unique identifiers, bindings and real tutorial events (1.4025ms)
✔ rapid overheats, switching preserves heat, all guns cool and unlock only at 40 (71.8308ms)
✔ heavy fires once per press, respects reload and finite ammunition (99.9825ms)
✔ burst repeats at its own cadence and cannot bypass cooldown by switching (17.9364ms)
✔ launch snapshots aim; moving out before impact avoids damage; impacts are consumed once (13.3845ms)
✔ blast damages several units once each, armor resists rapid fire (22.7625ms)
✔ protection rejects overlapping blast and its tangent without consuming ammo (0.5803ms)
✔ ordinary friendlies warn but do take damage; training immunity is explicit (22.0052ms)
✔ hold request stops at next marker; time and events keep advancing; continue does not reset route (154.6062ms)
✔ pause reasons compose, freeze every rule clock and clear held fire (2.9215ms)
✔ separate trigger sources do not double-fire and releasing one leaves the other active (46.3114ms)
✔ critical destruction fails before arrival; timeout fails; fresh retry has no leftovers (1.4925ms)
✔ prediction and finite ammunition can clear all 24 threats while all four friendly groups survive (701.1404ms)
ℹ {"time":240.00000000008313,"phase":"success","kills":24,"ammo":[null,66,24],"friendlyHp":[520,360,360,360,360,356.4,360,360,360,352.79999999999995,360,360],"friendlyDamage":0,"rating":"S","remaining":[]}
✔ expanded route, friendly identification and launch position remain consistent (3.5024ms)
✔ impact feedback describes actual damage and lethal rescue damage keeps its source (45.9534ms)
✔ metre scale, coordinated bank, orbit period and constant-speed reversal agree (21.4163ms)
ℹ {"speedMps":90,"radiusM":2000,"periodSeconds":139.62634015954637,"bankDegrees":22.43299092212539}
✔ port weapon stations, metre-authored mesh and banked model/camera transforms share one frame (20.0448ms)
✔ aircraft is live simulation state and pauses freeze its orbit (2.5287ms)
✔ arrival cannot succeed while a threat is still alive (1.6124ms)
✔ height/radius change smoothly, reverse orbit without teleporting, and bound invalid input (191.4625ms)
✔ distance, height and weapon speed determine a frozen three-dimensional gravity arc (3.348ms)
✔ aiming at a fast target misses; leading by the solved flight time hits its current position (18.4688ms)
✔ terrain intercepts before the aim point, emits the real contact and never damages through a hill (13.0182ms)
✔ four friendly groups stay dispersed and enemies attack living local targets (28.6632ms)
✔ continuous low terrain, shared road heights and in-bounds speed-limited patrols (8.1668ms)
✔ unreachable/invalid HUD estimates are safe and failed launches consume no ammunition or heat (0.9771ms)
✔ every outpost must retain a survivor; the last lethal hit determines group failure cause (113.7243ms)
✔ guided round pursues a moving target, freezes during ads, and hits only the locked unit (22.3914ms)
✔ invalid targets never spend a round; dead or newly protected targets drop their lock (1.029ms)
✔ reward save validation and every zoom tier produces genuine optical magnification (1.2036ms)
✔ select, lock and the common trigger launch one missile without firing the previous gun (2.7965ms)
✔ HUD: desktop bottom battlefield accepts aim while controls and touch footer remain blocked (11.004ms)
✔ HUD: escort and range entries are discoverable, and range results show a specific next goal in compact viewports (11.8983ms)
✔ HUD: persistent global actions, compact modal layout, focus markers and zoom bindings (18.3133ms)
✔ HUD: short-screen information priority, focus clearance and friendly group expansion (4.0836ms)
✔ HUD: desktop controls stay compact, touch keeps FIRE, reload has a single home (2.3874ms)
✔ HUD: rewards, zoom panel and mock ads fit small phones with safe areas and no overlapping buttons (2.6192ms)
✔ HUD: combat supply, choices and buff countdown fit phones and the rotated logical viewport (26.1665ms)
✔ HUD: browser has one fullscreen action; native hosts keep only settings across every game state (0.737ms)
(node:49728) ExperimentalWarning: stripTypeScriptTypes is an experimental feature and might change at any time
(Use `node --trace-warnings ...` to show where the warning was created)
✔ two-finger translation preserves both midpoint positions and cancels the remaining finger (5.4392ms)
✔ browser mouse-generated touches with simulate=false never replace or cancel mouse input (1.8665ms)
✔ supply completion earns one choice, ammo grants two once, and inventory never blocks ads (4.4031ms)
✔ timed buffs block supply and zoom providers; cancellation never grants and expiry reopens ads (8.1761ms)
✔ completed entitlement survives close, home, reload and background; repeated completion and claims are ignored (1.9534ms)
✔ storage failure preserves in-session choice and completion after disposal still records the entitlement (0.9407ms)
✔ a real touch activates initially desktop-classified native devices and trigger release stays safe (0.7223ms)
✔ changing missions requires a briefing or result; retry preserves the chosen mission and system pauses (1.099ms)
✔ actual warmup entry, retry and return keep saved escort preferences and system pauses independent (1.7774ms)
✔ training result saves only a clean successful range score in its separate key (1.3178ms)
✔ actual task choices update public entry URLs without carrying private fields or credentials (1.1203ms)
✔ returning home aborts a live mission, clears input and starts the next map cleanly (1.4139ms)
✔ mission combinations change deployment and motion while preserving weapon and escort rules (203.8177ms)
✔ 高地伏击 can be completed with finite ammunition and every friendly group surviving (550.2599ms)
ℹ {"mission":"ambush-02","phase":"success","time":240.0166666667498,"kills":24,"fired":76,"friendlyDamage":0,"ammo":[null,66,24]}
✔ 机动拦截 can be completed with finite ammunition and every friendly group surviving (596.635ms)
ℹ {"mission":"patrol-03","phase":"success","time":240.00000000008313,"kills":24,"fired":90,"friendlyDamage":0,"ammo":[null,80,24]}
✔ Night native build entry generates distinct official channel configurations without requiring Creator (678.1636ms)
✔ native HUD creates no browser fullscreen action and platform guards calls (3564.6063ms)
✔ ready requires the game signal AND a subsequent scene draw, then cleans up (4.6802ms)
✔ an early game signal is retained but cannot bypass scene launch (2.4277ms)
✔ engine import and initialization failures expose a real reload action (4.7099ms)
✔ game errors and a missing ready signal fail closed; late ready never hides an error (5.5198ms)
✔ global exceptions, rejected promises, script failures and context loss are terminal (5.1993ms)
✔ fade-out is presentation only and has a bounded removal fallback (1.5927ms)
Creator emitted its default splash; startup disables it through settings.overrideSettings at onPostBaseInitDelegate, before SplashScreen.init.
Creator emitted its default splash; startup disables it through settings.overrideSettings at onPostBaseInitDelegate, before SplashScreen.init.
Creator emitted its default splash; startup disables it through settings.overrideSettings at onPostBaseInitDelegate, before SplashScreen.init.
Creator emitted its default splash; startup disables it through settings.overrideSettings at onPostBaseInitDelegate, before SplashScreen.init.
✔ both Creator entries are repeatable, preserve hashed files and tolerate Builder ignoring splash options (743.6832ms)
✔ startup templates normalize line endings while content and binary changes invalidate artifacts (186.0425ms)
✔ warmup clears three different targets through real moving aircraft ballistics and finite ammunition (51.5752ms)
ℹ {"time":8.750000000000014,"phase":"success","fired":5,"hitShots":5,"friendlyDamage":0,"ammo":[null,77,28]}
✔ pause freezes the 60-second range, and waiting or missing cannot clear it for free (237.6145ms)
✔ friendly damage remains real and destroying an ally stops the warmup (36.9763ms)
✔ public task shortcuts choose only one known task, and the original three escort profiles remain intact (0.9717ms)
ℹ tests 93
ℹ suites 0
ℹ pass 93
ℹ fail 0
ℹ cancelled 0
ℹ skipped 0
ℹ todo 0
ℹ duration_ms 4172.3576
